// Jest Snapshot v1, https://goo.gl/fbAQLP

exports[`POSScreen Header Actions Conditional Rendering Snapshots snapshot: bug icon in development (FLAGS.SHOW_DEV_MENU = true) 1`] = `
<RNCSafeAreaProvider
  onInsetsChange={[Function]}
  style={
    [
      {
        "flex": 1,
      },
      undefined,
    ]
  }
/>
`;

exports[`POSScreen Header Actions Conditional Rendering Snapshots snapshot: no bug icon if FLAGS.SHOW_DEV_MENU = false (dev) 1`] = `
<RNCSafeAreaProvider
  onInsetsChange={[Function]}
  style={
    [
      {
        "flex": 1,
      },
      undefined,
    ]
  }
/>
`;

exports[`POSScreen Header Actions Conditional Rendering Snapshots snapshot: no bug icon if FLAGS.SHOW_DEV_MENU = false (prod) 1`] = `
<RNCSafeAreaProvider
  onInsetsChange={[Function]}
  style={
    [
      {
        "flex": 1,
      },
      undefined,
    ]
  }
/>
`;

exports[`POSScreen Header Actions Conditional Rendering Snapshots snapshot: no bug icon in production (FLAGS.SHOW_DEV_MENU = true) 1`] = `
<RNCSafeAreaProvider
  onInsetsChange={[Function]}
  style={
    [
      {
        "flex": 1,
      },
      undefined,
    ]
  }
/>
`;

exports[`POSScreen Header Actions Conditional Rendering should not render bug icon if FLAGS.SHOW_DEV_MENU is false in production 1`] = `
<RNCSafeAreaProvider
  onInsetsChange={[Function]}
  style={
    [
      {
        "flex": 1,
      },
      undefined,
    ]
  }
/>
`;

exports[`POSScreen Header Actions Conditional Rendering should not render bug icon if FLAGS.SHOW_DEV_MENU is false, even in development 1`] = `
<RNCSafeAreaProvider
  onInsetsChange={[Function]}
  style={
    [
      {
        "flex": 1,
      },
      undefined,
    ]
  }
/>
`;

exports[`POSScreen Header Actions Conditional Rendering should not render bug icon in production when FLAGS.SHOW_DEV_MENU is true 1`] = `
<RNCSafeAreaProvider
  onInsetsChange={[Function]}
  style={
    [
      {
        "flex": 1,
      },
      undefined,
    ]
  }
/>
`;
